../Core/Src/main.c:96:5:main	16	static
../Core/Src/main.c:168:6:SystemClock_Config	88	static
../Core/Src/main.c:215:13:MX_TIM6_Init	16	static
../Core/Src/main.c:253:13:MX_TIM7_Init	16	static
../Core/Src/main.c:291:13:MX_TIM10_Init	8	static
../Core/Src/main.c:322:13:MX_TIM11_Init	40	static
../Core/Src/main.c:368:13:MX_GPIO_Init	40	static
../Core/Src/main.c:437:6:HAL_TIM_PeriodElapsedCallback	16	static
../Core/Src/main.c:457:6:HAL_GPIO_EXTI_Callback	16	static
../Core/Src/main.c:472:6:Error_Handler	4	static,ignoring_inline_asm
