../Core/Src/main.c:84:5:main	16	static
../Core/Src/main.c:197:6:SystemClock_Config	88	static
../Core/Src/main.c:244:13:MX_TIM6_Init	16	static
../Core/Src/main.c:282:13:MX_TIM7_Init	16	static
../Core/Src/main.c:320:13:MX_TIM10_Init	8	static
../Core/Src/main.c:351:13:MX_TIM11_Init	40	static
../Core/Src/main.c:397:13:MX_GPIO_Init	40	static
../Core/Src/main.c:455:6:HAL_TIM_PeriodElapsedCallback	16	static
../Core/Src/main.c:463:6:HAL_GPIO_EXTI_Callback	16	static
../Core/Src/main.c:478:6:Error_Handler	4	static,ignoring_inline_asm
